Traceback (most recent call last):
  File "C:\Users\Akshita\Desktop\Vibelets_LangGraph\venv\Lib\site-packages\anyio\streams\memory.py", line 98, in receive
    return self.receive_nowait()
           ^^^^^^^^^^^^^^^^^^^^^
  File "C:\Users\Akshita\Desktop\Vibelets_LangGraph\venv\Lib\site-packages\anyio\streams\memory.py", line 93, in receive_nowait
    raise WouldBlock
anyio.WouldBlock

During handling of the above exception, another exception occurred:

Traceback (most recent call last):
  File "C:\Users\Akshita\Desktop\Vibelets_LangGraph\venv\Lib\site-packages\starlette\middleware\base.py", line 78, in call_next
    message = await recv_stream.receive()
              ^^^^^^^^^^^^^^^^^^^^^^^^^^^
  File "C:\Users\Akshita\Desktop\Vibelets_LangGraph\venv\Lib\site-packages\anyio\streams\memory.py", line 118, in receive
    raise EndOfStream
anyio.EndOfStream

During handling of the above exception, another exception occurred:

Traceback (most recent call last):
  File "C:\Users\Akshita\Desktop\Vibelets_LangGraph\backend\server_langgraph.py", line 46, in exception_logging_middleware
    return await call_next(request)
           ^^^^^^^^^^^^^^^^^^^^^^^^
  File "C:\Users\Akshita\Desktop\Vibelets_LangGraph\venv\Lib\site-packages\starlette\middleware\base.py", line 84, in call_next
    raise app_exc
  File "C:\Users\Akshita\Desktop\Vibelets_LangGraph\venv\Lib\site-packages\starlette\middleware\base.py", line 70, in coro
    await self.app(scope, receive_or_disconnect, send_no_error)
  File "C:\Users\Akshita\Desktop\Vibelets_LangGraph\venv\Lib\site-packages\starlette\middleware\cors.py", line 83, in __call__
    await self.app(scope, receive, send)
  File "C:\Users\Akshita\Desktop\Vibelets_LangGraph\venv\Lib\site-packages\starlette\middleware\exceptions.py", line 79, in __call__
    raise exc
  File "C:\Users\Akshita\Desktop\Vibelets_LangGraph\venv\Lib\site-packages\starlette\middleware\exceptions.py", line 68, in __call__
    await self.app(scope, receive, sender)
  File "C:\Users\Akshita\Desktop\Vibelets_LangGraph\venv\Lib\site-packages\fastapi\middleware\asyncexitstack.py", line 20, in __call__
    raise e
  File "C:\Users\Akshita\Desktop\Vibelets_LangGraph\venv\Lib\site-packages\fastapi\middleware\asyncexitstack.py", line 17, in __call__
    await self.app(scope, receive, send)
  File "C:\Users\Akshita\Desktop\Vibelets_LangGraph\venv\Lib\site-packages\starlette\routing.py", line 718, in __call__
    await route.handle(scope, receive, send)
  File "C:\Users\Akshita\Desktop\Vibelets_LangGraph\venv\Lib\site-packages\starlette\routing.py", line 276, in handle
    await self.app(scope, receive, send)
  File "C:\Users\Akshita\Desktop\Vibelets_LangGraph\venv\Lib\site-packages\starlette\routing.py", line 66, in app
    response = await func(request)
               ^^^^^^^^^^^^^^^^^^^
  File "C:\Users\Akshita\Desktop\Vibelets_LangGraph\venv\Lib\site-packages\fastapi\routing.py", line 274, in app
    raw_response = await run_endpoint_function(
                   ^^^^^^^^^^^^^^^^^^^^^^^^^^^^
  File "C:\Users\Akshita\Desktop\Vibelets_LangGraph\venv\Lib\site-packages\fastapi\routing.py", line 191, in run_endpoint_function
    return await dependant.call(**values)
           ^^^^^^^^^^^^^^^^^^^^^^^^^^^^^^
  File "C:\Users\Akshita\Desktop\Vibelets_LangGraph\backend\server_langgraph.py", line 803, in chat
    workflow.app.update_state(config, state)
    ^^^^^^^^^^^^^^^^^^^^^
AttributeError: 'AdCampaignWorkflow' object has no attribute 'update_state'
